12:31:40 - INFO - Loading Word2Vec model...
12:31:40 - INFO - loading Word2Vec object from output_dir/knesset_word2vec.model
12:31:40 - INFO - loading wv recursively from output_dir/knesset_word2vec.model.wv.* with mmap=None
12:31:40 - INFO - setting ignored attribute cum_table to None
12:31:40 - INFO - Word2Vec lifecycle event {'fname': 'output_dir/knesset_word2vec.model', 'datetime': '2026-01-02T12:31:40.399033', 'gensim': '4.4.0', 'python': '3.12.3 (main, Jun 30 2025, 22:48:39) [GCC 13.3.0]', 'platform': 'Linux-6.6.87.2-microsoft-standard-WSL2-x86_64-with-glibc2.39', 'event': 'loaded'}
12:31:40 - INFO - Finding top speakers...
12:31:40 - INFO - Top speakers: ראובן ריבלין, א' בורג
12:31:40 - INFO - Finding speaker name variations...
12:31:41 - INFO - Speaker 1 aliases: {'רובי ריבלין', "ר' ריבלין", 'ראובן ריבלין'}
12:31:41 - INFO - Speaker 2 aliases: {'אברהם בורג', "א' בורג"}
12:31:41 - INFO - Loading and preparing dataset...
12:31:41 - INFO - Loaded sentences: class0=3509, class1=2487
12:31:41 - INFO - Balanced dataset size: 4974
12:31:41 - INFO - Sentence embedding matrix shape: (4974, 25)
12:31:41 - INFO - Running KNN classification...
12:31:41 - INFO - k=1: f1_macro=0.7933
12:31:41 - INFO - k=2: f1_macro=0.8144
12:31:42 - INFO - k=3: f1_macro=0.8045
12:31:42 - INFO - k=4: f1_macro=0.8096
12:31:42 - INFO - k=5: f1_macro=0.8063
12:31:42 - INFO - k=6: f1_macro=0.8117
12:31:42 - INFO - k=7: f1_macro=0.8074
12:31:42 - INFO - k=8: f1_macro=0.8106
12:31:42 - INFO - k=9: f1_macro=0.8081
12:31:42 - INFO - k=10: f1_macro=0.8073
12:31:42 - INFO - k=11: f1_macro=0.8065
12:31:42 - INFO - k=12: f1_macro=0.8054
12:31:42 - INFO - k=13: f1_macro=0.8055
12:31:42 - INFO - k=14: f1_macro=0.8047
12:31:42 - INFO - k=15: f1_macro=0.8023
12:31:42 - INFO - k=16: f1_macro=0.8009
12:31:42 - INFO - k=17: f1_macro=0.7976
12:31:42 - INFO - k=18: f1_macro=0.7999
12:31:43 - INFO - k=19: f1_macro=0.8002
12:31:43 - INFO - k=20: f1_macro=0.7994
12:31:43 - INFO - k=21: f1_macro=0.7984
12:31:43 - INFO - Best k = 2 (score=0.8144)
12:31:43 - INFO - 
===== Binary Classification | Sentence Embeddings (Word2Vec) =====
12:31:43 - INFO - Best k chosen by CV: 2
12:31:43 - INFO -               precision    recall  f1-score   support

           0    0.75982   0.92602   0.83472      2487
           1    0.90530   0.70728   0.79413      2487

    accuracy                        0.81665      4974
   macro avg    0.83256   0.81665   0.81443      4974
weighted avg    0.83256   0.81665   0.81443      4974

12:31:43 - INFO - Program finished successfully
